Last login: Wed Sep 15 10:48:27 on console
dilara@Dilaras-Air-2 ~ % /bin/bash -c "$(curl -fsSL https://raw.githubusercontent.com/Homebrew/install/HEAD/install.sh)"
==> Checking for `sudo` access (which may request your password).
Password:
==> This script will install:
/opt/homebrew/bin/brew
/opt/homebrew/share/doc/homebrew
/opt/homebrew/share/man/man1/brew.1
/opt/homebrew/share/zsh/site-functions/_brew
/opt/homebrew/etc/bash_completion.d/brew
/opt/homebrew
==> The following new directories will be created:
/opt/homebrew/bin
/opt/homebrew/etc
/opt/homebrew/include
/opt/homebrew/lib
/opt/homebrew/sbin
/opt/homebrew/share
/opt/homebrew/var
/opt/homebrew/opt
/opt/homebrew/share/zsh
/opt/homebrew/share/zsh/site-functions
/opt/homebrew/var/homebrew
/opt/homebrew/var/homebrew/linked
/opt/homebrew/Cellar
/opt/homebrew/Caskroom
/opt/homebrew/Frameworks

Press RETURN to continue or any other key to abort
==> /usr/bin/sudo /bin/mkdir -p /opt/homebrew
==> /usr/bin/sudo /usr/sbin/chown root:wheel /opt/homebrew
==> /usr/bin/sudo /bin/mkdir -p /opt/homebrew/bin /opt/homebrew/etc /opt/homebrew/include /opt/homebrew/lib /opt/homebrew/sbin /opt/homebrew/share /opt/homebrew/var /opt/homebrew/opt /opt/homebrew/share/zsh /opt/homebrew/share/zsh/site-functions /opt/homebrew/var/homebrew /opt/homebrew/var/homebrew/linked /opt/homebrew/Cellar /opt/homebrew/Caskroom /opt/homebrew/Frameworks
==> /usr/bin/sudo /bin/chmod u=rwx,g=rwx /opt/homebrew/bin /opt/homebrew/etc /opt/homebrew/include /opt/homebrew/lib /opt/homebrew/sbin /opt/homebrew/share /opt/homebrew/var /opt/homebrew/opt /opt/homebrew/share/zsh /opt/homebrew/share/zsh/site-functions /opt/homebrew/var/homebrew /opt/homebrew/var/homebrew/linked /opt/homebrew/Cellar /opt/homebrew/Caskroom /opt/homebrew/Frameworks
==> /usr/bin/sudo /bin/chmod g-w,o-w /opt/homebrew/share/zsh /opt/homebrew/share/zsh/site-functions
==> /usr/bin/sudo /usr/sbin/chown dilara /opt/homebrew/bin /opt/homebrew/etc /opt/homebrew/include /opt/homebrew/lib /opt/homebrew/sbin /opt/homebrew/share /opt/homebrew/var /opt/homebrew/opt /opt/homebrew/share/zsh /opt/homebrew/share/zsh/site-functions /opt/homebrew/var/homebrew /opt/homebrew/var/homebrew/linked /opt/homebrew/Cellar /opt/homebrew/Caskroom /opt/homebrew/Frameworks
==> /usr/bin/sudo /usr/bin/chgrp admin /opt/homebrew/bin /opt/homebrew/etc /opt/homebrew/include /opt/homebrew/lib /opt/homebrew/sbin /opt/homebrew/share /opt/homebrew/var /opt/homebrew/opt /opt/homebrew/share/zsh /opt/homebrew/share/zsh/site-functions /opt/homebrew/var/homebrew /opt/homebrew/var/homebrew/linked /opt/homebrew/Cellar /opt/homebrew/Caskroom /opt/homebrew/Frameworks
==> /usr/bin/sudo /usr/sbin/chown -R dilara:admin /opt/homebrew
==> /usr/bin/sudo /bin/mkdir -p /Users/dilara/Library/Caches/Homebrew
==> /usr/bin/sudo /bin/chmod g+rwx /Users/dilara/Library/Caches/Homebrew
/bin/bash: line 277: stat -f: command not found
==> /usr/bin/sudo /usr/sbin/chown -R dilara /Users/dilara/Library/Caches/Homebrew
/bin/bash: line 285: stat -f: command not found
==> /usr/bin/sudo /usr/bin/chgrp -R admin /Users/dilara/Library/Caches/Homebrew
==> Downloading and installing Homebrew...
remote: Enumerating objects: 192460, done.
remote: Counting objects: 100% (1797/1797), done.
remote: Compressing objects: 100% (883/883), done.
remote: Total 192460 (delta 953), reused 1616 (delta 841), pack-reused 190663
Receiving objects: 100% (192460/192460), 52.73 MiB | 18.35 MiB/s, done.
Resolving deltas: 100% (142292/142292), done.
From https://github.com/Homebrew/brew
 * [new branch]          dependabot/bundler/Library/Homebrew/nokogiri-1.12.4 -> origin/dependabot/bundler/Library/Homebrew/nokogiri-1.12.4
 * [new branch]          dependabot/bundler/Library/Homebrew/rubocop-1.21.0 -> origin/dependabot/bundler/Library/Homebrew/rubocop-1.21.0
 * [new branch]          dependabot/bundler/Library/Homebrew/tapioca-0.5.1 -> origin/dependabot/bundler/Library/Homebrew/tapioca-0.5.1
 * [new branch]          master     -> origin/master
 * [new tag]             0.1        -> 0.1
 * [new tag]             0.2        -> 0.2
 * [new tag]             0.3        -> 0.3
 * [new tag]             0.4        -> 0.4
 * [new tag]             0.5        -> 0.5
 * [new tag]             0.6        -> 0.6
 * [new tag]             0.7        -> 0.7
 * [new tag]             0.7.1      -> 0.7.1
 * [new tag]             0.8        -> 0.8
 * [new tag]             0.8.1      -> 0.8.1
 * [new tag]             0.9        -> 0.9
 * [new tag]             0.9.1      -> 0.9.1
 * [new tag]             0.9.2      -> 0.9.2
 * [new tag]             0.9.3      -> 0.9.3
 * [new tag]             0.9.4      -> 0.9.4
 * [new tag]             0.9.5      -> 0.9.5
 * [new tag]             0.9.8      -> 0.9.8
 * [new tag]             0.9.9      -> 0.9.9
 * [new tag]             1.0.0      -> 1.0.0
 * [new tag]             1.0.1      -> 1.0.1
 * [new tag]             1.0.2      -> 1.0.2
 * [new tag]             1.0.3      -> 1.0.3
 * [new tag]             1.0.4      -> 1.0.4
 * [new tag]             1.0.5      -> 1.0.5
 * [new tag]             1.0.6      -> 1.0.6
 * [new tag]             1.0.7      -> 1.0.7
 * [new tag]             1.0.8      -> 1.0.8
 * [new tag]             1.0.9      -> 1.0.9
 * [new tag]             1.1.0      -> 1.1.0
 * [new tag]             1.1.1      -> 1.1.1
 * [new tag]             1.1.10     -> 1.1.10
 * [new tag]             1.1.11     -> 1.1.11
 * [new tag]             1.1.12     -> 1.1.12
 * [new tag]             1.1.13     -> 1.1.13
 * [new tag]             1.1.2      -> 1.1.2
 * [new tag]             1.1.3      -> 1.1.3
 * [new tag]             1.1.4      -> 1.1.4
 * [new tag]             1.1.5      -> 1.1.5
 * [new tag]             1.1.6      -> 1.1.6
 * [new tag]             1.1.7      -> 1.1.7
 * [new tag]             1.1.8      -> 1.1.8
 * [new tag]             1.1.9      -> 1.1.9
 * [new tag]             1.2.0      -> 1.2.0
 * [new tag]             1.2.1      -> 1.2.1
 * [new tag]             1.2.2      -> 1.2.2
 * [new tag]             1.2.3      -> 1.2.3
 * [new tag]             1.2.4      -> 1.2.4
 * [new tag]             1.2.5      -> 1.2.5
 * [new tag]             1.2.6      -> 1.2.6
 * [new tag]             1.3.0      -> 1.3.0
 * [new tag]             1.3.1      -> 1.3.1
 * [new tag]             1.3.2      -> 1.3.2
 * [new tag]             1.3.3      -> 1.3.3
 * [new tag]             1.3.4      -> 1.3.4
 * [new tag]             1.3.5      -> 1.3.5
 * [new tag]             1.3.6      -> 1.3.6
 * [new tag]             1.3.7      -> 1.3.7
 * [new tag]             1.3.8      -> 1.3.8
 * [new tag]             1.3.9      -> 1.3.9
 * [new tag]             1.4.0      -> 1.4.0
 * [new tag]             1.4.1      -> 1.4.1
 * [new tag]             1.4.2      -> 1.4.2
 * [new tag]             1.4.3      -> 1.4.3
 * [new tag]             1.5.0      -> 1.5.0
 * [new tag]             1.5.1      -> 1.5.1
 * [new tag]             1.5.10     -> 1.5.10
 * [new tag]             1.5.11     -> 1.5.11
 * [new tag]             1.5.12     -> 1.5.12
 * [new tag]             1.5.13     -> 1.5.13
 * [new tag]             1.5.14     -> 1.5.14
 * [new tag]             1.5.2      -> 1.5.2
 * [new tag]             1.5.3      -> 1.5.3
 * [new tag]             1.5.4      -> 1.5.4
 * [new tag]             1.5.5      -> 1.5.5
 * [new tag]             1.5.6      -> 1.5.6
 * [new tag]             1.5.7      -> 1.5.7
 * [new tag]             1.5.8      -> 1.5.8
 * [new tag]             1.5.9      -> 1.5.9
 * [new tag]             1.6.0      -> 1.6.0
 * [new tag]             1.6.1      -> 1.6.1
 * [new tag]             1.6.10     -> 1.6.10
 * [new tag]             1.6.11     -> 1.6.11
 * [new tag]             1.6.12     -> 1.6.12
 * [new tag]             1.6.13     -> 1.6.13
 * [new tag]             1.6.14     -> 1.6.14
 * [new tag]             1.6.15     -> 1.6.15
 * [new tag]             1.6.16     -> 1.6.16
 * [new tag]             1.6.17     -> 1.6.17
 * [new tag]             1.6.2      -> 1.6.2
 * [new tag]             1.6.3      -> 1.6.3
 * [new tag]             1.6.4      -> 1.6.4
 * [new tag]             1.6.5      -> 1.6.5
 * [new tag]             1.6.6      -> 1.6.6
 * [new tag]             1.6.7      -> 1.6.7
 * [new tag]             1.6.8      -> 1.6.8
 * [new tag]             1.6.9      -> 1.6.9
 * [new tag]             1.7.0      -> 1.7.0
 * [new tag]             1.7.1      -> 1.7.1
 * [new tag]             1.7.2      -> 1.7.2
 * [new tag]             1.7.3      -> 1.7.3
 * [new tag]             1.7.4      -> 1.7.4
 * [new tag]             1.7.5      -> 1.7.5
 * [new tag]             1.7.6      -> 1.7.6
 * [new tag]             1.7.7      -> 1.7.7
 * [new tag]             1.8.0      -> 1.8.0
 * [new tag]             1.8.1      -> 1.8.1
 * [new tag]             1.8.2      -> 1.8.2
 * [new tag]             1.8.3      -> 1.8.3
 * [new tag]             1.8.4      -> 1.8.4
 * [new tag]             1.8.5      -> 1.8.5
 * [new tag]             1.8.6      -> 1.8.6
 * [new tag]             1.9.0      -> 1.9.0
 * [new tag]             1.9.1      -> 1.9.1
 * [new tag]             1.9.2      -> 1.9.2
 * [new tag]             1.9.3      -> 1.9.3
 * [new tag]             2.0.0      -> 2.0.0
 * [new tag]             2.0.1      -> 2.0.1
 * [new tag]             2.0.2      -> 2.0.2
 * [new tag]             2.0.3      -> 2.0.3
 * [new tag]             2.0.4      -> 2.0.4
 * [new tag]             2.0.5      -> 2.0.5
 * [new tag]             2.0.6      -> 2.0.6
 * [new tag]             2.1.0      -> 2.1.0
 * [new tag]             2.1.1      -> 2.1.1
 * [new tag]             2.1.10     -> 2.1.10
 * [new tag]             2.1.11     -> 2.1.11
 * [new tag]             2.1.12     -> 2.1.12
 * [new tag]             2.1.13     -> 2.1.13
 * [new tag]             2.1.14     -> 2.1.14
 * [new tag]             2.1.15     -> 2.1.15
 * [new tag]             2.1.16     -> 2.1.16
 * [new tag]             2.1.2      -> 2.1.2
 * [new tag]             2.1.3      -> 2.1.3
 * [new tag]             2.1.4      -> 2.1.4
 * [new tag]             2.1.5      -> 2.1.5
 * [new tag]             2.1.6      -> 2.1.6
 * [new tag]             2.1.7      -> 2.1.7
 * [new tag]             2.1.8      -> 2.1.8
 * [new tag]             2.1.9      -> 2.1.9
 * [new tag]             2.2.0      -> 2.2.0
 * [new tag]             2.2.1      -> 2.2.1
 * [new tag]             2.2.10     -> 2.2.10
 * [new tag]             2.2.11     -> 2.2.11
 * [new tag]             2.2.12     -> 2.2.12
 * [new tag]             2.2.13     -> 2.2.13
 * [new tag]             2.2.14     -> 2.2.14
 * [new tag]             2.2.15     -> 2.2.15
 * [new tag]             2.2.16     -> 2.2.16
 * [new tag]             2.2.17     -> 2.2.17
 * [new tag]             2.2.2      -> 2.2.2
 * [new tag]             2.2.3      -> 2.2.3
 * [new tag]             2.2.4      -> 2.2.4
 * [new tag]             2.2.5      -> 2.2.5
 * [new tag]             2.2.6      -> 2.2.6
 * [new tag]             2.2.7      -> 2.2.7
 * [new tag]             2.2.8      -> 2.2.8
 * [new tag]             2.2.9      -> 2.2.9
 * [new tag]             2.3.0      -> 2.3.0
 * [new tag]             2.4.0      -> 2.4.0
 * [new tag]             2.4.1      -> 2.4.1
 * [new tag]             2.4.10     -> 2.4.10
 * [new tag]             2.4.11     -> 2.4.11
 * [new tag]             2.4.12     -> 2.4.12
 * [new tag]             2.4.13     -> 2.4.13
 * [new tag]             2.4.14     -> 2.4.14
 * [new tag]             2.4.15     -> 2.4.15
 * [new tag]             2.4.16     -> 2.4.16
 * [new tag]             2.4.2      -> 2.4.2
 * [new tag]             2.4.3      -> 2.4.3
 * [new tag]             2.4.4      -> 2.4.4
 * [new tag]             2.4.5      -> 2.4.5
 * [new tag]             2.4.6      -> 2.4.6
 * [new tag]             2.4.7      -> 2.4.7
 * [new tag]             2.4.8      -> 2.4.8
 * [new tag]             2.4.9      -> 2.4.9
 * [new tag]             2.5.0      -> 2.5.0
 * [new tag]             2.5.1      -> 2.5.1
 * [new tag]             2.5.10     -> 2.5.10
 * [new tag]             2.5.11     -> 2.5.11
 * [new tag]             2.5.12     -> 2.5.12
 * [new tag]             2.5.2      -> 2.5.2
 * [new tag]             2.5.3      -> 2.5.3
 * [new tag]             2.5.4      -> 2.5.4
 * [new tag]             2.5.5      -> 2.5.5
 * [new tag]             2.5.6      -> 2.5.6
 * [new tag]             2.5.7      -> 2.5.7
 * [new tag]             2.5.8      -> 2.5.8
 * [new tag]             2.5.9      -> 2.5.9
 * [new tag]             2.6.0      -> 2.6.0
 * [new tag]             2.6.1      -> 2.6.1
 * [new tag]             2.6.2      -> 2.6.2
 * [new tag]             2.7.0      -> 2.7.0
 * [new tag]             2.7.1      -> 2.7.1
 * [new tag]             2.7.2      -> 2.7.2
 * [new tag]             2.7.3      -> 2.7.3
 * [new tag]             2.7.4      -> 2.7.4
 * [new tag]             2.7.5      -> 2.7.5
 * [new tag]             2.7.6      -> 2.7.6
 * [new tag]             2.7.7      -> 2.7.7
 * [new tag]             3.0.0      -> 3.0.0
 * [new tag]             3.0.1      -> 3.0.1
 * [new tag]             3.0.10     -> 3.0.10
 * [new tag]             3.0.11     -> 3.0.11
 * [new tag]             3.0.2      -> 3.0.2
 * [new tag]             3.0.3      -> 3.0.3
 * [new tag]             3.0.4      -> 3.0.4
 * [new tag]             3.0.5      -> 3.0.5
 * [new tag]             3.0.6      -> 3.0.6
 * [new tag]             3.0.7      -> 3.0.7
 * [new tag]             3.0.8      -> 3.0.8
 * [new tag]             3.0.9      -> 3.0.9
 * [new tag]             3.1.0      -> 3.1.0
 * [new tag]             3.1.1      -> 3.1.1
 * [new tag]             3.1.10     -> 3.1.10
 * [new tag]             3.1.11     -> 3.1.11
 * [new tag]             3.1.12     -> 3.1.12
 * [new tag]             3.1.2      -> 3.1.2
 * [new tag]             3.1.3      -> 3.1.3
 * [new tag]             3.1.4      -> 3.1.4
 * [new tag]             3.1.5      -> 3.1.5
 * [new tag]             3.1.6      -> 3.1.6
 * [new tag]             3.1.7      -> 3.1.7
 * [new tag]             3.1.8      -> 3.1.8
 * [new tag]             3.1.9      -> 3.1.9
 * [new tag]             3.2.0      -> 3.2.0
 * [new tag]             3.2.1      -> 3.2.1
 * [new tag]             3.2.10     -> 3.2.10
 * [new tag]             3.2.11     -> 3.2.11
 * [new tag]             3.2.12     -> 3.2.12
 * [new tag]             3.2.2      -> 3.2.2
 * [new tag]             3.2.3      -> 3.2.3
 * [new tag]             3.2.4      -> 3.2.4
 * [new tag]             3.2.5      -> 3.2.5
 * [new tag]             3.2.6      -> 3.2.6
 * [new tag]             3.2.7      -> 3.2.7
 * [new tag]             3.2.8      -> 3.2.8
 * [new tag]             3.2.9      -> 3.2.9
HEAD is now at 5e42c2eca Merge pull request #12079 from Bo98/xcode-min-version
==> Tapping homebrew/core
remote: Enumerating objects: 1042099, done.
remote: Counting objects: 100% (12/12), done.
remote: Compressing objects: 100% (8/8), done.
remote: Total 1042099 (delta 4), reused 10 (delta 4), pack-reused 1042087
Receiving objects: 100% (1042099/1042099), 394.18 MiB | 25.59 MiB/s, done.
Resolving deltas: 100% (715297/715297), done.
From https://github.com/Homebrew/homebrew-core
 * [new branch]            master     -> origin/master
HEAD is now at 86e65bbb8c dolt: update 0.28.4 bottle.
Warning: /opt/homebrew/bin is not in your PATH.
  Instructions on how to configure your shell for Homebrew
  can be found in the 'Next steps' section below.
==> Installation successful!

==> Homebrew has enabled anonymous aggregate formulae and cask analytics.
Read the analytics documentation (and how to opt-out) here:
  https://docs.brew.sh/Analytics
No analytics data has been sent yet (or will be during this `install` run).

==> Homebrew is run entirely by unpaid volunteers. Please consider donating:
  https://github.com/Homebrew/brew#donations

==> Next steps:
- Run these two commands in your terminal to add Homebrew to your PATH:
    echo 'eval "$(/opt/homebrew/bin/brew shellenv)"' >> /Users/dilara/.zprofile
    eval "$(/opt/homebrew/bin/brew shellenv)"
- Run `brew help` to get started
- Further documentation: 
    https://docs.brew.sh
dilara@Dilaras-Air-2 ~ % brew tap mongodb/brew
zsh: command not found: brew
dilara@Dilaras-Air-2 ~ %  echo 'eval "$(/opt/homebrew/bin/brew shellenv)"' >> /Users/dilara/.zprofile

dilara@Dilaras-Air-2 ~ %  eval "$(/opt/homebrew/bin/brew shellenv)"
dilara@Dilaras-Air-2 ~ % brew help
Example usage:
  brew search TEXT|/REGEX/
  brew info [FORMULA|CASK...]
  brew install FORMULA|CASK...
  brew update
  brew upgrade [FORMULA|CASK...]
  brew uninstall FORMULA|CASK...
  brew list [FORMULA|CASK...]

Troubleshooting:
  brew config
  brew doctor
  brew install --verbose --debug FORMULA|CASK

Contributing:
  brew create URL [--no-fetch]
  brew edit [FORMULA|CASK...]

Further help:
  brew commands
  brew help [COMMAND]
  man brew
  https://docs.brew.sh
dilara@Dilaras-Air-2 ~ % brew tap mongodb/brew
==> Tapping mongodb/brew
Cloning into '/opt/homebrew/Library/Taps/mongodb/homebrew-brew'...
remote: Enumerating objects: 733, done.
remote: Counting objects: 100% (230/230), done.
remote: Compressing objects: 100% (155/155), done.
remote: Total 733 (delta 98), reused 130 (delta 72), pack-reused 503
Receiving objects: 100% (733/733), 163.30 KiB | 815.00 KiB/s, done.
Resolving deltas: 100% (336/336), done.
Tapped 14 formulae (30 files, 226KB).
dilara@Dilaras-Air-2 ~ % brew install mongodb-community@5.0
==> Downloading https://fastdl.mongodb.org/tools/db/mongodb-database-tools-macos
######################################################################## 100.0%
==> Downloading https://ghcr.io/v2/homebrew/core/icu4c/manifests/69.1
######################################################################## 100.0%
==> Downloading https://ghcr.io/v2/homebrew/core/icu4c/blobs/sha256:25a1ec460d42
==> Downloading from https://pkg-containers.githubusercontent.com/ghcr1/blobs/sh
######################################################################## 100.0%
==> Downloading https://ghcr.io/v2/homebrew/core/macos-term-size/manifests/1.0.0
######################################################################## 100.0%
==> Downloading https://ghcr.io/v2/homebrew/core/macos-term-size/blobs/sha256:0d
==> Downloading from https://pkg-containers.githubusercontent.com/ghcr1/blobs/sh
######################################################################## 100.0%
==> Downloading https://ghcr.io/v2/homebrew/core/node/14/manifests/14.17.6
######################################################################## 100.0%
==> Downloading https://ghcr.io/v2/homebrew/core/node/14/blobs/sha256:41d3ab74c5
==> Downloading from https://pkg-containers.githubusercontent.com/ghcr1/blobs/sh
######################################################################## 100.0%
==> Downloading https://ghcr.io/v2/homebrew/core/mongosh/manifests/1.0.6
######################################################################## 100.0%
==> Downloading https://ghcr.io/v2/homebrew/core/mongosh/blobs/sha256:789afc3b1f
==> Downloading from https://pkg-containers.githubusercontent.com/ghcr1/blobs/sh
######################################################################## 100.0%
==> Downloading https://fastdl.mongodb.org/osx/mongodb-macos-x86_64-5.0.2.tgz
######################################################################## 100.0%
==> Installing mongodb-community from mongodb/brew
==> Installing dependencies for mongodb/brew/mongodb-community: mongodb-database-tools, icu4c, macos-term-size, node@14 and mongosh
==> Installing mongodb/brew/mongodb-community dependency: mongodb-database-
🍺  /opt/homebrew/Cellar/mongodb-database-tools/100.5.0: 13 files, 115.6MB, built in 2 seconds
==> Installing mongodb/brew/mongodb-community dependency: icu4c
==> Pouring icu4c--69.1.arm64_big_sur.bottle.tar.gz
🍺  /opt/homebrew/Cellar/icu4c/69.1: 259 files, 73.3MB
==> Installing mongodb/brew/mongodb-community dependency: macos-term-size
==> Pouring macos-term-size--1.0.0.arm64_big_sur.bottle.tar.gz
🍺  /opt/homebrew/Cellar/macos-term-size/1.0.0: 5 files, 53.1KB
==> Installing mongodb/brew/mongodb-community dependency: node@14
==> Pouring node@14--14.17.6.arm64_big_sur.bottle.tar.gz
🍺  /opt/homebrew/Cellar/node@14/14.17.6: 4,388 files, 59.9MB
==> Installing mongodb/brew/mongodb-community dependency: mongosh
==> Pouring mongosh--1.0.6.arm64_big_sur.bottle.tar.gz
🍺  /opt/homebrew/Cellar/mongosh/1.0.6: 5,205 files, 29.9MB
==> Installing mongodb/brew/mongodb-community
==> Caveats
To have launchd start mongodb/brew/mongodb-community now and restart at login:
  brew services start mongodb/brew/mongodb-community
Or, if you don't want/need a background service you can just run:
  mongod --config /opt/homebrew/etc/mongod.conf
==> Summary
🍺  /opt/homebrew/Cellar/mongodb-community/5.0.2: 11 files, 180MB, built in 3 seconds
==> Caveats
==> mongodb-community
To have launchd start mongodb/brew/mongodb-community now and restart at login:
  brew services start mongodb/brew/mongodb-community
Or, if you don't want/need a background service you can just run:
  mongod --config /opt/homebrew/etc/mongod.conf
dilara@Dilaras-Air-2 ~ % brew install node
==> Downloading https://ghcr.io/v2/homebrew/core/brotli/manifests/1.0.9
######################################################################## 100.0%
==> Downloading https://ghcr.io/v2/homebrew/core/brotli/blobs/sha256:bcd00b6f423
==> Downloading from https://pkg-containers.githubusercontent.com/ghcr1/blobs/sh
######################################################################## 100.0%
==> Downloading https://ghcr.io/v2/homebrew/core/c-ares/manifests/1.17.2
######################################################################## 100.0%
==> Downloading https://ghcr.io/v2/homebrew/core/c-ares/blobs/sha256:faf4361fe87
==> Downloading from https://pkg-containers.githubusercontent.com/ghcr1/blobs/sh
######################################################################## 100.0%
==> Downloading https://ghcr.io/v2/homebrew/core/libuv/manifests/1.42.0
######################################################################## 100.0%
==> Downloading https://ghcr.io/v2/homebrew/core/libuv/blobs/sha256:68f6757ac44f
==> Downloading from https://pkg-containers.githubusercontent.com/ghcr1/blobs/sh
######################################################################## 100.0%
==> Downloading https://ghcr.io/v2/homebrew/core/jemalloc/manifests/5.2.1_1
######################################################################## 100.0%
==> Downloading https://ghcr.io/v2/homebrew/core/jemalloc/blobs/sha256:724ab5947
==> Downloading from https://pkg-containers.githubusercontent.com/ghcr1/blobs/sh
######################################################################## 100.0%
==> Downloading https://ghcr.io/v2/homebrew/core/libev/manifests/4.33
######################################################################## 100.0%
==> Downloading https://ghcr.io/v2/homebrew/core/libev/blobs/sha256:8ed86bdd0ff3
==> Downloading from https://pkg-containers.githubusercontent.com/ghcr1/blobs/sh
######################################################################## 100.0%
==> Downloading https://ghcr.io/v2/homebrew/core/openssl/1.1/manifests/1.1.1l
######################################################################## 100.0%
==> Downloading https://ghcr.io/v2/homebrew/core/openssl/1.1/blobs/sha256:9acf35
==> Downloading from https://pkg-containers.githubusercontent.com/ghcr1/blobs/sh
######################################################################## 100.0%
==> Downloading https://ghcr.io/v2/homebrew/core/nghttp2/manifests/1.44.0
######################################################################## 100.0%
==> Downloading https://ghcr.io/v2/homebrew/core/nghttp2/blobs/sha256:457a010c63
==> Downloading from https://pkg-containers.githubusercontent.com/ghcr1/blobs/sh
######################################################################## 100.0%
==> Downloading https://ghcr.io/v2/homebrew/core/node/manifests/16.9.1
######################################################################## 100.0%
==> Downloading https://ghcr.io/v2/homebrew/core/node/blobs/sha256:4ba5a338cf659
==> Downloading from https://pkg-containers.githubusercontent.com/ghcr1/blobs/sh
######################################################################## 100.0%
==> Installing dependencies for node: brotli, c-ares, libuv, jemalloc, libev, openssl@1.1 and nghttp2
==> Installing node dependency: brotli
==> Pouring brotli--1.0.9.arm64_big_sur.bottle.tar.gz
🍺  /opt/homebrew/Cellar/brotli/1.0.9: 25 files, 2.3MB
==> Installing node dependency: c-ares
==> Pouring c-ares--1.17.2.arm64_big_sur.bottle.tar.gz
🍺  /opt/homebrew/Cellar/c-ares/1.17.2: 85 files, 646.5KB
==> Installing node dependency: libuv
==> Pouring libuv--1.42.0.arm64_big_sur.bottle.tar.gz
🍺  /opt/homebrew/Cellar/libuv/1.42.0: 49 files, 3.4MB
==> Installing node dependency: jemalloc
==> Pouring jemalloc--5.2.1_1.arm64_big_sur.bottle.tar.gz
🍺  /opt/homebrew/Cellar/jemalloc/5.2.1_1: 16 files, 2.2MB
==> Installing node dependency: libev
==> Pouring libev--4.33.arm64_big_sur.bottle.tar.gz
🍺  /opt/homebrew/Cellar/libev/4.33: 12 files, 501.2KB
==> Installing node dependency: openssl@1.1
==> Pouring openssl@1.1--1.1.1l.arm64_big_sur.bottle.tar.gz
==> Regenerating CA certificate bundle from keychain, this may take a while...
🍺  /opt/homebrew/Cellar/openssl@1.1/1.1.1l: 8,073 files, 18MB
==> Installing node dependency: nghttp2
==> Pouring nghttp2--1.44.0.arm64_big_sur.bottle.tar.gz
🍺  /opt/homebrew/Cellar/nghttp2/1.44.0: 23 files, 2.8MB
==> Installing node
==> Pouring node--16.9.1.arm64_big_sur.bottle.tar.gz
🍺  /opt/homebrew/Cellar/node/16.9.1: 2,436 files, 47.2MB
dilara@Dilaras-Air-2 ~ % node -v
v16.9.1
dilara@Dilaras-Air-2 ~ % brew services start mongodb-community@5.0
==> Tapping homebrew/services
Cloning into '/opt/homebrew/Library/Taps/homebrew/homebrew-services'...
remote: Enumerating objects: 1434, done.
remote: Counting objects: 100% (313/313), done.
remote: Compressing objects: 100% (228/228), done.
remote: Total 1434 (delta 121), reused 241 (delta 79), pack-reused 1121
Receiving objects: 100% (1434/1434), 423.47 KiB | 1.13 MiB/s, done.
Resolving deltas: 100% (598/598), done.
Tapped 1 command (35 files, 523.1KB).
==> Successfully started `mongodb-community` (label: homebrew.mxcl.mongodb-commu
dilara@Dilaras-Air-2 ~ % 
